FAIL src/infrastructure/persistence/prisma/prisma-growth.repository.spec.ts
  PrismaGrowthRepository
    listSkills
      ✕ returns skills enriched with ledger-derived XP and level progression (3 ms)

  ● PrismaGrowthRepository › listSkills › returns skills enriched with ledger-derived XP and level progression

    expect(jest.fn()).toHaveBeenCalledWith(...expected)

    Expected: ObjectContaining {"include": {"ledgerEntries": ObjectContaining {"where": {"cycleId": "cycle-1"}}}, "where": ObjectContaining {"kind": "ATTRIBUTE"}}
    Received: {"include": {"ledgerEntries": {"select": {"amount": true}, "where": {"currency": "SKILL_XP", "cycleId": "cycle-1"}}}, "orderBy": [{"kind": "asc"}, {"sortOrder": "asc"}, {"createdAt": "asc"}], "where": {"archivedAt": null, "kind": "ATTRIBUTE", "userId": "user-1"}}

    Number of calls: 1

      57 |       // Raw ledger entries must not leak into the response payload.
      58 |       expect(result[0]).not.toHaveProperty('ledgerEntries');
    > 59 |       expect(findMany).toHaveBeenCalledWith(
         |                        ^
      60 |         expect.objectContaining({
      61 |           where: expect.objectContaining({ kind: GrowthProgressKind.ATTRIBUTE }),
      62 |           include: {

      at Object.<anonymous> (src/infrastructure/persistence/prisma/prisma-growth.repository.spec.ts:59:24)

Test Suites: 1 failed, 1 total
Tests:       1 failed, 1 total
Snapshots:   0 total
Time:        0.231 s, estimated 1 s
Ran all test suites matching /src\/infrastructure\/persistence\/prisma\/prisma-growth.repository.spec.ts/i.
